---
source: src/parse_tests.rs
expression: headers
---
[
    Header {
        depth: 1,
        text: "a",
    },
    Header {
        depth: 2,
        text: "b",
    },
    Header {
        depth: 3,
        text: "c",
    },
]
